<?xml version="1.0" encoding="UTF-8"?>
<module type="JAVA_MODULE" version="4">
  <component name="NewModuleRootManager" inherit-compiler-output="true">
    <content url="file://$MODULE_DIR$">
      <excludeFolder url="file://$MODULE_DIR$/.buckd" />
      <excludeFolder url="file://$MODULE_DIR$/.idea" />
      <excludeFolder url="file://$MODULE_DIR$/buck-cache" />
      <excludeFolder url="file://$MODULE_DIR$/buck-out/bin" />
      <excludeFolder url="file://$MODULE_DIR$/buck-out/log" />
    </content>
    <content url="file://$MODULE_DIR$/buck-out/android/gen">
      <sourceFolder url="file://$MODULE_DIR$/buck-out/android/gen" isTestSource="false" />
    </content>
    <orderEntry type="jdk" jdkName="1.7" jdkType="JavaSDK" />
  </component>
</module>
